Copyright 1986-2020 Xilinx, Inc. All Rights Reserved.
------------------------------------------------------------------------------------
| Tool Version : Vivado v.2020.2 (lin64) Build 3064766 Wed Nov 18 09:12:47 MST 2020
| Date         : Tue Jan 18 03:35:43 2022
| Host         : YNB running 64-bit Arch Linux
| Command      : report_control_sets -verbose -file tetris_control_sets_placed.rpt
| Design       : tetris
| Device       : xc7a35t
------------------------------------------------------------------------------------

Control Set Information

Table of Contents
-----------------
1. Summary
2. Histogram
3. Flip-Flop Distribution
4. Detailed Control Set Information

1. Summary
----------

+----------------------------------------------------------+-------+
|                          Status                          | Count |
+----------------------------------------------------------+-------+
| Total control sets                                       |   228 |
|    Minimum number of control sets                        |   228 |
|    Addition due to synthesis replication                 |     0 |
|    Addition due to physical synthesis replication        |     0 |
| Unused register locations in slices containing registers |   904 |
+----------------------------------------------------------+-------+
* Control sets can be merged at opt_design using control_set_merge or merge_equivalent_drivers
** Run report_qor_suggestions for automated merging and remapping suggestions


2. Histogram
------------

+--------------------+-------+
|       Fanout       | Count |
+--------------------+-------+
| Total control sets |   228 |
| >= 0 to < 4        |     1 |
| >= 4 to < 6        |   207 |
| >= 6 to < 8        |     2 |
| >= 8 to < 10       |     3 |
| >= 10 to < 12      |     5 |
| >= 12 to < 14      |     2 |
| >= 14 to < 16      |     0 |
| >= 16              |     8 |
+--------------------+-------+
* Control sets can be remapped at either synth_design or opt_design


3. Flip-Flop Distribution
-------------------------

+--------------+-----------------------+------------------------+-----------------+--------------+
| Clock Enable | Synchronous Set/Reset | Asynchronous Set/Reset | Total Registers | Total Slices |
+--------------+-----------------------+------------------------+-----------------+--------------+
| No           | No                    | No                     |              50 |           23 |
| No           | No                    | Yes                    |             590 |          201 |
| No           | Yes                   | No                     |              35 |           11 |
| Yes          | No                    | No                     |               0 |            0 |
| Yes          | No                    | Yes                    |            1203 |          545 |
| Yes          | Yes                   | No                     |              10 |            3 |
+--------------+-----------------------+------------------------+-----------------+--------------+


4. Detailed Control Set Information
-----------------------------------

+---------------------+----------------------------------------------------------------------------+--------------------------------------------+------------------+----------------+--------------+
|     Clock Signal    |                                Enable Signal                               |              Set/Reset Signal              | Slice Load Count | Bel Load Count | Bels / Slice |
+---------------------+----------------------------------------------------------------------------+--------------------------------------------+------------------+----------------+--------------+
|  divs/O235_BUFG[0]  |                                                                            | rst_IBUF                                   |                2 |              2 |         1.00 |
|  div_BUFG[8]        | tetris_controller_inst/br/p_0_in_0[511]                                    | rst_IBUF                                   |                3 |              4 |         1.33 |
|  div_BUFG[8]        | tetris_controller_inst/br/p_0_in_0[459]                                    | rst_IBUF                                   |                4 |              4 |         1.00 |
|  div_BUFG[8]        | tetris_controller_inst/br/p_0_in_0[463]                                    | rst_IBUF                                   |                4 |              4 |         1.00 |
|  div_BUFG[8]        | tetris_controller_inst/br/p_0_in_0[467]                                    | rst_IBUF                                   |                3 |              4 |         1.33 |
|  div_BUFG[8]        | tetris_controller_inst/br/p_0_in_0[471]                                    | rst_IBUF                                   |                1 |              4 |         4.00 |
|  div_BUFG[8]        | tetris_controller_inst/br/p_0_in_0[475]                                    | rst_IBUF                                   |                1 |              4 |         4.00 |
|  div_BUFG[8]        | tetris_controller_inst/br/p_0_in_0[479]                                    | rst_IBUF                                   |                4 |              4 |         1.00 |
|  div_BUFG[8]        | tetris_controller_inst/br/p_0_in_0[483]                                    | rst_IBUF                                   |                4 |              4 |         1.00 |
|  div_BUFG[8]        | tetris_controller_inst/br/p_0_in_0[487]                                    | rst_IBUF                                   |                3 |              4 |         1.33 |
|  div_BUFG[8]        | tetris_controller_inst/br/p_0_in_0[491]                                    | rst_IBUF                                   |                4 |              4 |         1.00 |
|  div_BUFG[8]        | tetris_controller_inst/br/p_0_in_0[495]                                    | rst_IBUF                                   |                1 |              4 |         4.00 |
|  div_BUFG[8]        | tetris_controller_inst/br/p_0_in_0[499]                                    | rst_IBUF                                   |                2 |              4 |         2.00 |
|  div_BUFG[8]        | tetris_controller_inst/br/p_0_in_0[503]                                    | rst_IBUF                                   |                3 |              4 |         1.33 |
|  div_BUFG[8]        | tetris_controller_inst/br/p_0_in_0[507]                                    | rst_IBUF                                   |                3 |              4 |         1.33 |
|  div_BUFG[8]        | tetris_controller_inst/br/p_0_in_0[451]                                    | rst_IBUF                                   |                3 |              4 |         1.33 |
|  div_BUFG[8]        | tetris_controller_inst/br/p_0_in_0[515]                                    | rst_IBUF                                   |                1 |              4 |         4.00 |
|  div_BUFG[8]        | tetris_controller_inst/br/p_0_in_0[519]                                    | rst_IBUF                                   |                1 |              4 |         4.00 |
|  div_BUFG[8]        | tetris_controller_inst/br/p_0_in_0[523]                                    | rst_IBUF                                   |                1 |              4 |         4.00 |
|  div_BUFG[8]        | tetris_controller_inst/br/p_0_in_0[527]                                    | rst_IBUF                                   |                1 |              4 |         4.00 |
|  div_BUFG[8]        | tetris_controller_inst/br/p_0_in_0[531]                                    | rst_IBUF                                   |                1 |              4 |         4.00 |
|  div_BUFG[8]        | tetris_controller_inst/br/p_0_in_0[535]                                    | rst_IBUF                                   |                1 |              4 |         4.00 |
|  div_BUFG[8]        | tetris_controller_inst/br/p_0_in_0[539]                                    | rst_IBUF                                   |                1 |              4 |         4.00 |
|  div_BUFG[8]        | tetris_controller_inst/br/p_0_in_0[543]                                    | rst_IBUF                                   |                1 |              4 |         4.00 |
|  div_BUFG[8]        | tetris_controller_inst/br/p_0_in_0[547]                                    | rst_IBUF                                   |                3 |              4 |         1.33 |
|  div_BUFG[8]        | tetris_controller_inst/br/p_0_in_0[551]                                    | rst_IBUF                                   |                1 |              4 |         4.00 |
|  div_BUFG[8]        | tetris_controller_inst/br/p_0_in_0[555]                                    | rst_IBUF                                   |                2 |              4 |         2.00 |
|  div_BUFG[8]        | tetris_controller_inst/br/p_0_in_0[559]                                    | rst_IBUF                                   |                1 |              4 |         4.00 |
|  div_BUFG[8]        | tetris_controller_inst/br/p_0_in_0[403]                                    | rst_IBUF                                   |                2 |              4 |         2.00 |
|  div_BUFG[8]        | tetris_controller_inst/br/p_0_in_0[351]                                    | rst_IBUF                                   |                1 |              4 |         4.00 |
|  div_BUFG[8]        | tetris_controller_inst/br/p_0_in_0[355]                                    | rst_IBUF                                   |                2 |              4 |         2.00 |
|  div_BUFG[8]        | tetris_controller_inst/br/p_0_in_0[359]                                    | rst_IBUF                                   |                1 |              4 |         4.00 |
|  div_BUFG[8]        | tetris_controller_inst/br/p_0_in_0[363]                                    | rst_IBUF                                   |                1 |              4 |         4.00 |
|  div_BUFG[8]        | tetris_controller_inst/br/p_0_in_0[367]                                    | rst_IBUF                                   |                1 |              4 |         4.00 |
|  div_BUFG[8]        | tetris_controller_inst/br/p_0_in_0[371]                                    | rst_IBUF                                   |                1 |              4 |         4.00 |
|  div_BUFG[8]        | tetris_controller_inst/br/p_0_in_0[375]                                    | rst_IBUF                                   |                4 |              4 |         1.00 |
|  div_BUFG[8]        | tetris_controller_inst/br/p_0_in_0[379]                                    | rst_IBUF                                   |                1 |              4 |         4.00 |
|  div_BUFG[8]        | tetris_controller_inst/br/p_0_in_0[383]                                    | rst_IBUF                                   |                3 |              4 |         1.33 |
|  div_BUFG[8]        | tetris_controller_inst/br/p_0_in_0[387]                                    | rst_IBUF                                   |                3 |              4 |         1.33 |
|  div_BUFG[8]        | tetris_controller_inst/br/p_0_in_0[391]                                    | rst_IBUF                                   |                3 |              4 |         1.33 |
|  div_BUFG[8]        | tetris_controller_inst/br/p_0_in_0[395]                                    | rst_IBUF                                   |                1 |              4 |         4.00 |
|  div_BUFG[8]        | tetris_controller_inst/br/p_0_in_0[399]                                    | rst_IBUF                                   |                2 |              4 |         2.00 |
|  div_BUFG[8]        | tetris_controller_inst/br/p_0_in_0[455]                                    | rst_IBUF                                   |                3 |              4 |         1.33 |
|  div_BUFG[8]        | tetris_controller_inst/br/p_0_in_0[407]                                    | rst_IBUF                                   |                2 |              4 |         2.00 |
|  div_BUFG[8]        | tetris_controller_inst/br/p_0_in_0[411]                                    | rst_IBUF                                   |                4 |              4 |         1.00 |
|  div_BUFG[8]        | tetris_controller_inst/br/p_0_in_0[415]                                    | rst_IBUF                                   |                1 |              4 |         4.00 |
|  div_BUFG[8]        | tetris_controller_inst/br/p_0_in_0[419]                                    | rst_IBUF                                   |                3 |              4 |         1.33 |
|  div_BUFG[8]        | tetris_controller_inst/br/p_0_in_0[423]                                    | rst_IBUF                                   |                2 |              4 |         2.00 |
|  div_BUFG[8]        | tetris_controller_inst/br/p_0_in_0[427]                                    | rst_IBUF                                   |                3 |              4 |         1.33 |
|  div_BUFG[8]        | tetris_controller_inst/br/p_0_in_0[431]                                    | rst_IBUF                                   |                3 |              4 |         1.33 |
|  div_BUFG[8]        | tetris_controller_inst/br/p_0_in_0[435]                                    | rst_IBUF                                   |                2 |              4 |         2.00 |
|  div_BUFG[8]        | tetris_controller_inst/br/p_0_in_0[439]                                    | rst_IBUF                                   |                1 |              4 |         4.00 |
|  div_BUFG[8]        | tetris_controller_inst/br/p_0_in_0[443]                                    | rst_IBUF                                   |                1 |              4 |         4.00 |
|  div_BUFG[8]        | tetris_controller_inst/br/p_0_in_0[447]                                    | rst_IBUF                                   |                4 |              4 |         1.00 |
|  div_BUFG[8]        | tetris_controller_inst/br/p_0_in_0[567]                                    | rst_IBUF                                   |                1 |              4 |         4.00 |
|  div_BUFG[8]        | tetris_controller_inst/br/p_0_in_0[727]                                    | rst_IBUF                                   |                4 |              4 |         1.00 |
|  div_BUFG[8]        | tetris_controller_inst/br/p_0_in_0[675]                                    | rst_IBUF                                   |                1 |              4 |         4.00 |
|  div_BUFG[8]        | tetris_controller_inst/br/p_0_in_0[679]                                    | rst_IBUF                                   |                1 |              4 |         4.00 |
|  div_BUFG[8]        | tetris_controller_inst/br/p_0_in_0[683]                                    | rst_IBUF                                   |                1 |              4 |         4.00 |
|  div_BUFG[8]        | tetris_controller_inst/br/p_0_in_0[687]                                    | rst_IBUF                                   |                3 |              4 |         1.33 |
|  div_BUFG[8]        | tetris_controller_inst/br/p_0_in_0[691]                                    | rst_IBUF                                   |                1 |              4 |         4.00 |
|  div_BUFG[8]        | tetris_controller_inst/br/p_0_in_0[695]                                    | rst_IBUF                                   |                2 |              4 |         2.00 |
|  div_BUFG[8]        | tetris_controller_inst/br/p_0_in_0[699]                                    | rst_IBUF                                   |                2 |              4 |         2.00 |
|  div_BUFG[8]        | tetris_controller_inst/br/p_0_in_0[703]                                    | rst_IBUF                                   |                4 |              4 |         1.00 |
|  div_BUFG[8]        | tetris_controller_inst/br/p_0_in_0[707]                                    | rst_IBUF                                   |                1 |              4 |         4.00 |
|  div_BUFG[8]        | tetris_controller_inst/br/p_0_in_0[711]                                    | rst_IBUF                                   |                2 |              4 |         2.00 |
|  div_BUFG[8]        | tetris_controller_inst/br/p_0_in_0[715]                                    | rst_IBUF                                   |                1 |              4 |         4.00 |
|  div_BUFG[8]        | tetris_controller_inst/br/p_0_in_0[719]                                    | rst_IBUF                                   |                3 |              4 |         1.33 |
|  div_BUFG[8]        | tetris_controller_inst/br/p_0_in_0[723]                                    | rst_IBUF                                   |                2 |              4 |         2.00 |
|  div_BUFG[8]        | tetris_controller_inst/br/p_0_in_0[671]                                    | rst_IBUF                                   |                2 |              4 |         2.00 |
|  div_BUFG[8]        | tetris_controller_inst/br/p_0_in_0[731]                                    | rst_IBUF                                   |                4 |              4 |         1.00 |
|  div_BUFG[8]        | tetris_controller_inst/br/p_0_in_0[735]                                    | rst_IBUF                                   |                1 |              4 |         4.00 |
|  div_BUFG[8]        | tetris_controller_inst/br/p_0_in_0[739]                                    | rst_IBUF                                   |                4 |              4 |         1.00 |
|  div_BUFG[8]        | tetris_controller_inst/br/p_0_in_0[743]                                    | rst_IBUF                                   |                2 |              4 |         2.00 |
|  div_BUFG[8]        | tetris_controller_inst/br/p_0_in_0[747]                                    | rst_IBUF                                   |                2 |              4 |         2.00 |
|  div_BUFG[8]        | tetris_controller_inst/br/p_0_in_0[751]                                    | rst_IBUF                                   |                2 |              4 |         2.00 |
|  div_BUFG[8]        | tetris_controller_inst/br/p_0_in_0[755]                                    | rst_IBUF                                   |                2 |              4 |         2.00 |
|  div_BUFG[8]        | tetris_controller_inst/br/p_0_in_0[759]                                    | rst_IBUF                                   |                3 |              4 |         1.33 |
|  div_BUFG[8]        | tetris_controller_inst/br/p_0_in_0[763]                                    | rst_IBUF                                   |                4 |              4 |         1.00 |
|  div_BUFG[8]        | tetris_controller_inst/br/p_0_in_0[767]                                    | rst_IBUF                                   |                2 |              4 |         2.00 |
|  div_BUFG[8]        | tetris_controller_inst/br/p_0_in_0[771]                                    | rst_IBUF                                   |                2 |              4 |         2.00 |
|  div_BUFG[8]        | tetris_controller_inst/br/p_0_in_0[775]                                    | rst_IBUF                                   |                2 |              4 |         2.00 |
|  div_BUFG[8]        | tetris_controller_inst/br/p_0_in_0[619]                                    | rst_IBUF                                   |                2 |              4 |         2.00 |
|  div_BUFG[8]        | tetris_controller_inst/br/p_0_in_0[343]                                    | rst_IBUF                                   |                1 |              4 |         4.00 |
|  div_BUFG[8]        | tetris_controller_inst/br/p_0_in_0[571]                                    | rst_IBUF                                   |                3 |              4 |         1.33 |
|  div_BUFG[8]        | tetris_controller_inst/br/p_0_in_0[575]                                    | rst_IBUF                                   |                1 |              4 |         4.00 |
|  div_BUFG[8]        | tetris_controller_inst/br/p_0_in_0[579]                                    | rst_IBUF                                   |                2 |              4 |         2.00 |
|  div_BUFG[8]        | tetris_controller_inst/br/p_0_in_0[583]                                    | rst_IBUF                                   |                1 |              4 |         4.00 |
|  div_BUFG[8]        | tetris_controller_inst/br/p_0_in_0[587]                                    | rst_IBUF                                   |                1 |              4 |         4.00 |
|  div_BUFG[8]        | tetris_controller_inst/br/p_0_in_0[591]                                    | rst_IBUF                                   |                1 |              4 |         4.00 |
|  div_BUFG[8]        | tetris_controller_inst/br/p_0_in_0[595]                                    | rst_IBUF                                   |                4 |              4 |         1.00 |
|  div_BUFG[8]        | tetris_controller_inst/br/p_0_in_0[599]                                    | rst_IBUF                                   |                2 |              4 |         2.00 |
|  div_BUFG[8]        | tetris_controller_inst/br/p_0_in_0[603]                                    | rst_IBUF                                   |                1 |              4 |         4.00 |
|  div_BUFG[8]        | tetris_controller_inst/br/p_0_in_0[607]                                    | rst_IBUF                                   |                1 |              4 |         4.00 |
|  div_BUFG[8]        | tetris_controller_inst/br/p_0_in_0[611]                                    | rst_IBUF                                   |                1 |              4 |         4.00 |
|  div_BUFG[8]        | tetris_controller_inst/br/p_0_in_0[615]                                    | rst_IBUF                                   |                2 |              4 |         2.00 |
|  div_BUFG[8]        | tetris_controller_inst/br/p_0_in_0[563]                                    | rst_IBUF                                   |                1 |              4 |         4.00 |
|  div_BUFG[8]        | tetris_controller_inst/br/p_0_in_0[623]                                    | rst_IBUF                                   |                4 |              4 |         1.00 |
|  div_BUFG[8]        | tetris_controller_inst/br/p_0_in_0[627]                                    | rst_IBUF                                   |                2 |              4 |         2.00 |
|  div_BUFG[8]        | tetris_controller_inst/br/p_0_in_0[631]                                    | rst_IBUF                                   |                1 |              4 |         4.00 |
|  div_BUFG[8]        | tetris_controller_inst/br/p_0_in_0[635]                                    | rst_IBUF                                   |                2 |              4 |         2.00 |
|  div_BUFG[8]        | tetris_controller_inst/br/p_0_in_0[639]                                    | rst_IBUF                                   |                1 |              4 |         4.00 |
|  div_BUFG[8]        | tetris_controller_inst/br/p_0_in_0[643]                                    | rst_IBUF                                   |                1 |              4 |         4.00 |
|  div_BUFG[8]        | tetris_controller_inst/br/p_0_in_0[647]                                    | rst_IBUF                                   |                4 |              4 |         1.00 |
|  div_BUFG[8]        | tetris_controller_inst/br/p_0_in_0[651]                                    | rst_IBUF                                   |                1 |              4 |         4.00 |
|  div_BUFG[8]        | tetris_controller_inst/br/p_0_in_0[655]                                    | rst_IBUF                                   |                2 |              4 |         2.00 |
|  div_BUFG[8]        | tetris_controller_inst/br/p_0_in_0[659]                                    | rst_IBUF                                   |                1 |              4 |         4.00 |
|  div_BUFG[8]        | tetris_controller_inst/br/p_0_in_0[663]                                    | rst_IBUF                                   |                3 |              4 |         1.33 |
|  div_BUFG[8]        | tetris_controller_inst/br/p_0_in_0[667]                                    | rst_IBUF                                   |                3 |              4 |         1.33 |
|  div_BUFG[8]        | tetris_controller_inst/br/p_0_in_0[107]                                    | rst_IBUF                                   |                1 |              4 |         4.00 |
|  div_BUFG[8]        | tetris_controller_inst/br/p_0_in_0[63]                                     | rst_IBUF                                   |                3 |              4 |         1.33 |
|  div_BUFG[8]        | tetris_controller_inst/br/p_0_in_0[67]                                     | rst_IBUF                                   |                1 |              4 |         4.00 |
|  div_BUFG[8]        | tetris_controller_inst/br/p_0_in_0[71]                                     | rst_IBUF                                   |                1 |              4 |         4.00 |
|  div_BUFG[8]        | tetris_controller_inst/br/p_0_in_0[75]                                     | rst_IBUF                                   |                1 |              4 |         4.00 |
|  div_BUFG[8]        | tetris_controller_inst/br/p_0_in_0[79]                                     | rst_IBUF                                   |                3 |              4 |         1.33 |
|  div_BUFG[8]        | tetris_controller_inst/br/p_0_in_0[83]                                     | rst_IBUF                                   |                4 |              4 |         1.00 |
|  div_BUFG[8]        | tetris_controller_inst/br/p_0_in_0[87]                                     | rst_IBUF                                   |                2 |              4 |         2.00 |
|  div_BUFG[8]        | tetris_controller_inst/br/p_0_in_0[91]                                     | rst_IBUF                                   |                3 |              4 |         1.33 |
|  div_BUFG[8]        | tetris_controller_inst/br/p_0_in_0[95]                                     | rst_IBUF                                   |                1 |              4 |         4.00 |
|  div_BUFG[8]        | tetris_controller_inst/br/p_0_in_0[99]                                     | rst_IBUF                                   |                2 |              4 |         2.00 |
|  div_BUFG[8]        | tetris_controller_inst/br/p_0_in_0[103]                                    | rst_IBUF                                   |                1 |              4 |         4.00 |
|  div_BUFG[8]        | tetris_controller_inst/br/p_0_in_0[59]                                     | rst_IBUF                                   |                1 |              4 |         4.00 |
|  div_BUFG[8]        | tetris_controller_inst/br/p_0_in_0[111]                                    | rst_IBUF                                   |                1 |              4 |         4.00 |
|  div_BUFG[8]        | tetris_controller_inst/br/p_0_in_0[115]                                    | rst_IBUF                                   |                2 |              4 |         2.00 |
|  div_BUFG[8]        | tetris_controller_inst/br/p_0_in_0[119]                                    | rst_IBUF                                   |                4 |              4 |         1.00 |
|  div_BUFG[8]        | tetris_controller_inst/br/p_0_in_0[123]                                    | rst_IBUF                                   |                1 |              4 |         4.00 |
|  div_BUFG[8]        | tetris_controller_inst/br/p_0_in_0[127]                                    | rst_IBUF                                   |                1 |              4 |         4.00 |
|  div_BUFG[8]        | tetris_controller_inst/br/p_0_in_0[131]                                    | rst_IBUF                                   |                3 |              4 |         1.33 |
|  div_BUFG[8]        | tetris_controller_inst/br/p_0_in_0[135]                                    | rst_IBUF                                   |                3 |              4 |         1.33 |
|  div_BUFG[8]        | tetris_controller_inst/br/p_0_in_0[139]                                    | rst_IBUF                                   |                3 |              4 |         1.33 |
|  div_BUFG[8]        | tetris_controller_inst/br/p_0_in_0[143]                                    | rst_IBUF                                   |                1 |              4 |         4.00 |
|  div_BUFG[8]        | tetris_controller_inst/br/p_0_in_0[147]                                    | rst_IBUF                                   |                2 |              4 |         2.00 |
|  div_BUFG[8]        | tetris_controller_inst/br/p_0_in_0[151]                                    | rst_IBUF                                   |                1 |              4 |         4.00 |
|  div_BUFG[8]        | tetris_controller_inst/br/p_0_in_0[11]                                     | rst_IBUF                                   |                3 |              4 |         1.33 |
|  div_BUFG[8]        | tetris_controller_inst/br/p_0_in_0[791]                                    | rst_IBUF                                   |                2 |              4 |         2.00 |
|  div_BUFG[8]        | tetris_controller_inst/br/p_0_in_0[787]                                    | rst_IBUF                                   |                2 |              4 |         2.00 |
|  div_BUFG[8]        | tetris_controller_inst/br/p_0_in_0[795]                                    | rst_IBUF                                   |                3 |              4 |         1.33 |
|  div_BUFG[8]        | tetris_controller_inst/br/p_0_in_0[783]                                    | rst_IBUF                                   |                2 |              4 |         2.00 |
|  clk_IBUF_BUFG      | keypress_controller_inst/key_de/inst/inst/Ps2Interface_i/bits_count        | rst_IBUF                                   |                1 |              4 |         4.00 |
|  div_BUFG[8]        | tetris_controller_inst/lfsr_inst_4b/E[0]                                   | rst_IBUF                                   |                2 |              4 |         2.00 |
|  div_BUFG[8]        | tetris_controller_inst/br/p_0_in_0[799]                                    | rst_IBUF                                   |                3 |              4 |         1.33 |
|  div_BUFG[8]        | tetris_controller_inst/br/state_reg[0][0]                                  | rst_IBUF                                   |                2 |              4 |         2.00 |
|  div_BUFG[8]        | tetris_controller_inst/br/p_0_in_0[779]                                    | rst_IBUF                                   |                2 |              4 |         2.00 |
|  div_BUFG[8]        | tetris_controller_inst/br/p_0_in_0[3]                                      | rst_IBUF                                   |                1 |              4 |         4.00 |
|  div_BUFG[8]        | tetris_controller_inst/br/p_0_in_0[7]                                      | rst_IBUF                                   |                2 |              4 |         2.00 |
|  div_BUFG[8]        | tetris_controller_inst/br/p_0_in_0[155]                                    | rst_IBUF                                   |                1 |              4 |         4.00 |
|  div_BUFG[8]        | tetris_controller_inst/br/p_0_in_0[15]                                     | rst_IBUF                                   |                2 |              4 |         2.00 |
|  div_BUFG[8]        | tetris_controller_inst/br/p_0_in_0[19]                                     | rst_IBUF                                   |                3 |              4 |         1.33 |
|  div_BUFG[8]        | tetris_controller_inst/br/p_0_in_0[23]                                     | rst_IBUF                                   |                4 |              4 |         1.00 |
|  div_BUFG[8]        | tetris_controller_inst/br/p_0_in_0[27]                                     | rst_IBUF                                   |                1 |              4 |         4.00 |
|  div_BUFG[8]        | tetris_controller_inst/br/p_0_in_0[39]                                     | rst_IBUF                                   |                4 |              4 |         1.00 |
|  div_BUFG[8]        | tetris_controller_inst/br/p_0_in_0[31]                                     | rst_IBUF                                   |                1 |              4 |         4.00 |
|  div_BUFG[8]        | tetris_controller_inst/br/p_0_in_0[35]                                     | rst_IBUF                                   |                1 |              4 |         4.00 |
|  div_BUFG[8]        | tetris_controller_inst/br/p_0_in_0[43]                                     | rst_IBUF                                   |                4 |              4 |         1.00 |
|  div_BUFG[8]        | tetris_controller_inst/br/p_0_in_0[47]                                     | rst_IBUF                                   |                1 |              4 |         4.00 |
|  div_BUFG[8]        | tetris_controller_inst/br/p_0_in_0[51]                                     | rst_IBUF                                   |                1 |              4 |         4.00 |
|  div_BUFG[8]        | tetris_controller_inst/br/p_0_in_0[55]                                     | rst_IBUF                                   |                3 |              4 |         1.33 |
|  div_BUFG[8]        | tetris_controller_inst/br/p_0_in_0[299]                                    | rst_IBUF                                   |                2 |              4 |         2.00 |
|  div_BUFG[8]        | tetris_controller_inst/br/p_0_in_0[255]                                    | rst_IBUF                                   |                4 |              4 |         1.00 |
|  div_BUFG[8]        | tetris_controller_inst/br/p_0_in_0[259]                                    | rst_IBUF                                   |                3 |              4 |         1.33 |
|  div_BUFG[8]        | tetris_controller_inst/br/p_0_in_0[263]                                    | rst_IBUF                                   |                1 |              4 |         4.00 |
|  div_BUFG[8]        | tetris_controller_inst/br/p_0_in_0[267]                                    | rst_IBUF                                   |                1 |              4 |         4.00 |
|  div_BUFG[8]        | tetris_controller_inst/br/p_0_in_0[271]                                    | rst_IBUF                                   |                1 |              4 |         4.00 |
|  div_BUFG[8]        | tetris_controller_inst/br/p_0_in_0[275]                                    | rst_IBUF                                   |                1 |              4 |         4.00 |
|  div_BUFG[8]        | tetris_controller_inst/br/p_0_in_0[279]                                    | rst_IBUF                                   |                3 |              4 |         1.33 |
|  div_BUFG[8]        | tetris_controller_inst/br/p_0_in_0[283]                                    | rst_IBUF                                   |                1 |              4 |         4.00 |
|  div_BUFG[8]        | tetris_controller_inst/br/p_0_in_0[287]                                    | rst_IBUF                                   |                1 |              4 |         4.00 |
|  div_BUFG[8]        | tetris_controller_inst/br/p_0_in_0[291]                                    | rst_IBUF                                   |                2 |              4 |         2.00 |
|  div_BUFG[8]        | tetris_controller_inst/br/p_0_in_0[295]                                    | rst_IBUF                                   |                4 |              4 |         1.00 |
|  div_BUFG[8]        | tetris_controller_inst/br/p_0_in_0[251]                                    | rst_IBUF                                   |                2 |              4 |         2.00 |
|  div_BUFG[8]        | tetris_controller_inst/br/p_0_in_0[303]                                    | rst_IBUF                                   |                3 |              4 |         1.33 |
|  div_BUFG[8]        | tetris_controller_inst/br/p_0_in_0[307]                                    | rst_IBUF                                   |                1 |              4 |         4.00 |
|  div_BUFG[8]        | tetris_controller_inst/br/p_0_in_0[311]                                    | rst_IBUF                                   |                2 |              4 |         2.00 |
|  div_BUFG[8]        | tetris_controller_inst/br/p_0_in_0[315]                                    | rst_IBUF                                   |                2 |              4 |         2.00 |
|  div_BUFG[8]        | tetris_controller_inst/br/p_0_in_0[319]                                    | rst_IBUF                                   |                1 |              4 |         4.00 |
|  div_BUFG[8]        | tetris_controller_inst/br/p_0_in_0[323]                                    | rst_IBUF                                   |                2 |              4 |         2.00 |
|  div_BUFG[8]        | tetris_controller_inst/br/p_0_in_0[327]                                    | rst_IBUF                                   |                1 |              4 |         4.00 |
|  div_BUFG[8]        | tetris_controller_inst/br/p_0_in_0[331]                                    | rst_IBUF                                   |                1 |              4 |         4.00 |
|  div_BUFG[8]        | tetris_controller_inst/br/p_0_in_0[335]                                    | rst_IBUF                                   |                1 |              4 |         4.00 |
|  div_BUFG[8]        | tetris_controller_inst/br/p_0_in_0[339]                                    | rst_IBUF                                   |                3 |              4 |         1.33 |
|  div_BUFG[8]        | tetris_controller_inst/br/p_0_in_0[347]                                    | rst_IBUF                                   |                3 |              4 |         1.33 |
|  div_BUFG[8]        | tetris_controller_inst/br/p_0_in_0[203]                                    | rst_IBUF                                   |                2 |              4 |         2.00 |
|  div_BUFG[8]        | tetris_controller_inst/br/p_0_in_0[159]                                    | rst_IBUF                                   |                1 |              4 |         4.00 |
|  div_BUFG[8]        | tetris_controller_inst/br/p_0_in_0[163]                                    | rst_IBUF                                   |                1 |              4 |         4.00 |
|  div_BUFG[8]        | tetris_controller_inst/br/p_0_in_0[167]                                    | rst_IBUF                                   |                2 |              4 |         2.00 |
|  div_BUFG[8]        | tetris_controller_inst/br/p_0_in_0[171]                                    | rst_IBUF                                   |                1 |              4 |         4.00 |
|  div_BUFG[8]        | tetris_controller_inst/br/p_0_in_0[175]                                    | rst_IBUF                                   |                4 |              4 |         1.00 |
|  div_BUFG[8]        | tetris_controller_inst/br/p_0_in_0[179]                                    | rst_IBUF                                   |                1 |              4 |         4.00 |
|  div_BUFG[8]        | tetris_controller_inst/br/p_0_in_0[183]                                    | rst_IBUF                                   |                1 |              4 |         4.00 |
|  div_BUFG[8]        | tetris_controller_inst/br/p_0_in_0[187]                                    | rst_IBUF                                   |                1 |              4 |         4.00 |
|  div_BUFG[8]        | tetris_controller_inst/br/p_0_in_0[191]                                    | rst_IBUF                                   |                3 |              4 |         1.33 |
|  div_BUFG[8]        | tetris_controller_inst/br/p_0_in_0[195]                                    | rst_IBUF                                   |                2 |              4 |         2.00 |
|  div_BUFG[8]        | tetris_controller_inst/br/p_0_in_0[199]                                    | rst_IBUF                                   |                1 |              4 |         4.00 |
|  div_BUFG[8]        | tetris_controller_inst/br/p_0_in_0[207]                                    | rst_IBUF                                   |                2 |              4 |         2.00 |
|  div_BUFG[8]        | tetris_controller_inst/br/p_0_in_0[211]                                    | rst_IBUF                                   |                2 |              4 |         2.00 |
|  div_BUFG[8]        | tetris_controller_inst/br/p_0_in_0[215]                                    | rst_IBUF                                   |                3 |              4 |         1.33 |
|  div_BUFG[8]        | tetris_controller_inst/br/p_0_in_0[219]                                    | rst_IBUF                                   |                2 |              4 |         2.00 |
|  div_BUFG[8]        | tetris_controller_inst/br/p_0_in_0[223]                                    | rst_IBUF                                   |                2 |              4 |         2.00 |
|  div_BUFG[8]        | tetris_controller_inst/br/p_0_in_0[227]                                    | rst_IBUF                                   |                2 |              4 |         2.00 |
|  div_BUFG[8]        | tetris_controller_inst/br/p_0_in_0[231]                                    | rst_IBUF                                   |                3 |              4 |         1.33 |
|  div_BUFG[8]        | tetris_controller_inst/br/p_0_in_0[235]                                    | rst_IBUF                                   |                1 |              4 |         4.00 |
|  div_BUFG[8]        | tetris_controller_inst/br/p_0_in_0[239]                                    | rst_IBUF                                   |                3 |              4 |         1.33 |
|  div_BUFG[8]        | tetris_controller_inst/br/p_0_in_0[243]                                    | rst_IBUF                                   |                1 |              4 |         4.00 |
|  div_BUFG[8]        | tetris_controller_inst/br/p_0_in_0[247]                                    | rst_IBUF                                   |                1 |              4 |         4.00 |
|  div_BUFG[8]        | tetris_controller_inst/clearing_x[4]_i_1_n_1                               | rst_IBUF                                   |                4 |              5 |         1.25 |
|  div_BUFG[8]        | tetris_controller_inst/br/state_reg[2][0]                                  | rst_IBUF                                   |                4 |              5 |         1.25 |
|  div_BUFG[8]        | mc/send_buffer[4]_i_1_n_1                                                  | rst_IBUF                                   |                1 |              5 |         5.00 |
|  div_BUFG[8]        | tetris_controller_inst/br/E[0]                                             | rst_IBUF                                   |                3 |              5 |         1.67 |
|  div_BUFG[8]        | mc/sel                                                                     | rst_IBUF                                   |                3 |              6 |         2.00 |
|  clk_IBUF_BUFG      |                                                                            |                                            |                4 |              7 |         1.75 |
|  clk_IBUF_BUFG      | keypress_controller_inst/key_de/inst/inst/Ps2Interface_i/rx_finish         | rst_IBUF                                   |                2 |              8 |         4.00 |
|  clk_IBUF_BUFG      | keypress_controller_inst/key_de/inst/inst/Ps2Interface_i/rx_valid          | rst_IBUF                                   |                2 |              8 |         4.00 |
|  div_BUFG[8]        | tetris_controller_inst/lfsr_inst/E[0]                                      | rst_IBUF                                   |                3 |              9 |         3.00 |
|  div_BUFG[8]        |                                                                            |                                            |                4 |             10 |         2.50 |
|  divs/O235_BUFG[0]  | vga_top_inst/vga_inst/line_cnt                                             | vga_top_inst/vga_inst/line_cnt[9]_i_1_n_1  |                3 |             10 |         3.33 |
|  divs/O235_BUFG[0]  |                                                                            | vga_top_inst/vga_inst/pixel_cnt[9]_i_1_n_1 |                3 |             10 |         3.33 |
|  divs/O235_BUFG[0]  |                                                                            |                                            |                8 |             11 |         1.38 |
|  clk_IBUF_BUFG      | keypress_controller_inst/key_de/inst/inst/Ps2Interface_i/frame[10]_i_1_n_0 | rst_IBUF                                   |                2 |             11 |         5.50 |
|  n_0_16612_BUFG     |                                                                            | rst_IBUF                                   |                6 |             12 |         2.00 |
|  clk_IBUF_BUFG      | keypress_controller_inst/key_de/key                                        | rst_IBUF                                   |                3 |             13 |         4.33 |
|  music_inst/sc/Q[1] |                                                                            | rst_IBUF                                   |                4 |             20 |         5.00 |
|  divs/O235_BUFG[2]  |                                                                            |                                            |                7 |             22 |         3.14 |
|  clk_IBUF_BUFG      |                                                                            | n_0_16612_BUFG                             |                6 |             23 |         3.83 |
|  div_BUFG[8]        | tetris_controller_inst/br/state_reg[2]_0[0]                                | rst_IBUF                                   |               13 |             28 |         2.15 |
|  div_BUFG[8]        | tetris_controller_inst/br/next_active_y                                    | rst_IBUF                                   |               19 |             31 |         1.63 |
|  clk_IBUF_BUFG      |                                                                            | rst_IBUF                                   |               50 |            149 |         2.98 |
|  clk_IBUF_BUFG      | keypress_controller_inst/key_de/op/E[0]                                    | rst_IBUF                                   |               78 |            257 |         3.29 |
|  div_BUFG[8]        |                                                                            | rst_IBUF                                   |              141 |            409 |         2.90 |
+---------------------+----------------------------------------------------------------------------+--------------------------------------------+------------------+----------------+--------------+


