reg__53: tetris__GC0, 
case__141: tetris__GC0, 
case__117: tetris_controller__GB1, 
datapath__59: tetris_controller__GB0, 
muxpart__62: tetris__GC0, 
datapath__30: tetris_controller__GB0, 
datapath__3: tetris__GC0, 
dsp48e1__22: tetris_controller__GB0, 
reg__24: tetris_controller__GB0, 
logic__173: tetris__GC0, 
datapath__19: tetris__GC0, 
logic__19: tetris__GC0, 
reg__10: tetris_controller__GB1, 
datapath__54: tetris_controller__GB0, 
case__34: tetris_controller__GB0, 
logic__632: tetris__GC0, 
dsp48e1__15: tetris_controller__GB0, 
reg__9: tetris_controller__GB1, 
case__26: tetris__GC0, 
reg__20: tetris_controller__GB0, 
case__106: tetris_controller__GB0, 
case__55: tetris_controller__GB0, 
logic__214: tetris_controller__GB0, 
logic__229: tetris_controller__GB0, 
logic__636: tetris__GC0, 
case__158: tetris__GC0, 
case__19: tetris__GC0, 
case__146: tetris__GC0, 
logic__108: tetris__GC0, 
logic__4: tetris__GC0, 
logic__223: tetris_controller__GB0, 
datapath__9: tetris__GC0, 
logic__182: tetris_controller__GB1, 
dsp48e1__7: tetris__GC0, 
datapath__81: tetris__GC0, 
case__65: tetris_controller__GB0, 
hold_pulses: tetris__GC0, 
case__111: tetris_controller__GB0, 
reg__14: tetris_controller__GB0, 
reg__33: tetris__GC0, 
logic__639: tetris__GC0, 
logic__337: tetris_controller__GB0, 
datapath__34: tetris_controller__GB0, 
datapath__29: tetris_controller__GB0, 
datapath__13: tetris__GC0, 
case__135: tetris__GC0, 
logic__9: tetris__GC0, 
dsp48e1__23: tetris_controller__GB0, 
logic__309: tetris_controller__GB0, 
reg__44: tetris__GC0, 
muxpart__22: tetris_controller__GB0, 
logic__377: tetris_controller__GB0, 
muxpart__4: tetris__GC0, 
logic__464: tetris_controller__GB0, 
logic__380: tetris_controller__GB0, 
case__49: tetris_controller__GB0, 
note_gen: tetris__GC0, 
reg__18: tetris_controller__GB0, 
rom: tetris__GC0, 
case__72: tetris_controller__GB0, 
logic__644: tetris__GC0, 
datapath__11: tetris__GC0, 
case__138: tetris__GC0, 
case: tetris__GC0, 
logic__384: tetris_controller__GB0, 
logic__408: tetris_controller__GB0, 
case__122: tetris__GC0, 
logic__219: tetris_controller__GB0, 
logic__326: tetris_controller__GB0, 
case__107: tetris_controller__GB0, 
case__83: tetris_controller__GB0, 
datapath__49: tetris_controller__GB0, 
dsp48e1__14: tetris_controller__GB1, 
case__159: tetris__GC0, 
logic__284: tetris_controller__GB0, 
keypress_controller: tetris__GC0, 
case__98: tetris_controller__GB0, 
logic__332: tetris_controller__GB0, 
logic__649: tetris__GC0, 
onepulse: tetris__GC0, tetris_controller__GB1, 
datapath__15: tetris__GC0, 
logic__234: tetris_controller__GB0, 
dsp48e1__3: tetris__GC0, 
datapath__21: tetris__GC0, 
logic__535: tetris_controller__GB0, 
logic__379: tetris_controller__GB0, 
case__69: tetris_controller__GB0, 
case__54: tetris_controller__GB0, 
dsp48e1__17: tetris_controller__GB0, 
logic__87: tetris__GC0, 
logic__110: tetris__GC0, 
reg__28: tetris_controller__GB0, 
reg__17: tetris_controller__GB0, 
case__121: tetris_controller__GB0, 
case__174: tetris__GC0, 
datapath__52: tetris_controller__GB0, 
case__181: tetris__GC0, 
logic__146: tetris__GC0, 
muxpart__13: tetris_controller__GB0, 
dsp48e1: tetris__GC0, 
logic__638: tetris__GC0, 
logic__201: tetris_controller__GB0, 
case__104: tetris_controller__GB0, 
logic__447: tetris_controller__GB0, 
muxpart__50: tetris__GC0, 
case__29: tetris_controller__GB0, 
datapath__35: tetris_controller__GB0, 
logic__302: tetris_controller__GB0, 
reg__57: tetris__GC0, 
logic__448: tetris_controller__GB0, 
logic__551: tetris__GC0, 
case__77: tetris_controller__GB0, 
logic__588: tetris__GC0, 
logic__16: tetris__GC0, 
muxpart__12: tetris_controller__GB0, 
muxpart__10: tetris__GC0, 
logic__444: tetris_controller__GB0, 
muxpart__19: tetris_controller__GB0, 
logic__339: tetris_controller__GB0, 
datapath__82: tetris__GC0, 
muxpart__42: tetris__GC0, 
datapath__53: tetris_controller__GB0, 
logic__327: tetris_controller__GB0, 
logic__514: tetris_controller__GB0, 
music: tetris__GC0, 
datapath__43: tetris_controller__GB0, 
logic__124: tetris__GC0, 
case__2: tetris__GC0, 
reg__22: tetris_controller__GB0, 
datapath: tetris__GC0, 
player_control: tetris__GC0, 
muxpart: tetris__GC0, 
music_example: tetris__GC0, 
logic__99: tetris__GC0, 
logic__228: tetris_controller__GB0, 
logic__296: tetris_controller__GB0, 
case__136: tetris__GC0, 
case__1: tetris__GC0, 
logic__269: tetris_controller__GB0, 
logic__31: tetris__GC0, 
case__179: tetris__GC0, 
case__108: tetris_controller__GB0, 
logic__130: tetris__GC0, 
datapath__18: tetris__GC0, 
logic__305: tetris_controller__GB0, 
datapath__83: tetris__GC0, 
debounce: tetris__GC0, 
case__140: tetris__GC0, 
case__73: tetris_controller__GB0, 
logic__172: tetris__GC0, 
reg__11: tetris_controller__GB1, 
reg__37: tetris__GC0, 
case__88: tetris_controller__GB0, 
logic__394: tetris_controller__GB0, 
logic__539: tetris_controller__GB0, 
logic__467: tetris_controller__GB0, 
logic__628: tetris__GC0, 
logic__208: tetris_controller__GB0, 
case__35: tetris_controller__GB0, 
datapath__16: tetris__GC0, 
vga_top: tetris__GC0, 
counter: tetris__GC0, 
logic__187: tetris_controller__GB1, 
logic__609: tetris__GC0, 
muxpart__24: tetris__GC0, 
datapath__1: tetris__GC0, 
case__79: tetris_controller__GB0, 
muxpart__28: tetris__GC0, 
reg__29: tetris__GC0, 
datapath__46: tetris_controller__GB0, 
case__161: tetris__GC0, 
datapath__50: tetris_controller__GB0, 
counter__4: tetris__GC0, 
case__148: tetris__GC0, 
dsp48e1__11: tetris__GC0, 
case__178: tetris__GC0, 
muxpart__59: tetris__GC0, 
tetris_controller__GB0: tetris_controller__GB0, 
case__12: tetris__GC0, 
case__64: tetris_controller__GB0, 
logic__218: tetris_controller__GB0, 
logic__330: tetris_controller__GB0, 
muxpart__8: tetris__GC0, 
datapath__72: tetris__GC0, 
datapath__37: tetris_controller__GB0, 
case__120: tetris_controller__GB1, 
case__33: tetris_controller__GB0, 
dsp48e1__8: tetris__GC0, 
case__76: tetris_controller__GB0, 
case__78: tetris_controller__GB0, 
dsp48e1__6: tetris__GC0, 
logic__178: tetris_controller__GB0, 
datapath__39: tetris_controller__GB0, 
case__46: tetris_controller__GB0, 
case__82: tetris_controller__GB0, 
reg__45: tetris__GC0, 
case__60: tetris_controller__GB0, 
logic__336: tetris_controller__GB0, 
logic__88: tetris__GC0, 
case__50: tetris_controller__GB0, 
logic__431: tetris_controller__GB0, 
pixel_gen: tetris__GC0, 
logic__631: tetris__GC0, 
datapath__47: tetris_controller__GB0, 
case__81: tetris_controller__GB0, 
logic__536: tetris_controller__GB0, 
dsp48e1__19: tetris_controller__GB0, 
case__169: tetris__GC0, 
logic__166: tetris__GC0, 
case__11: tetris__GC0, 
datapath__32: tetris_controller__GB0, 
case__145: tetris__GC0, 
logic__192: tetris_controller__GB1, 
datapath__67: tetris_controller__GB0, 
datapath__24: tetris_controller__GB1, 
collision_check: tetris_controller__GB0, 
pla: tetris_controller__GB0, 
logic__204: tetris_controller__GB0, 
datapath__41: tetris_controller__GB0, 
datapath__55: tetris_controller__GB0, 
reg__54: tetris__GC0, 
logic__231: tetris_controller__GB0, 
dsp48e1__5: tetris__GC0, 
logic__5: tetris__GC0, 
logic__407: tetris_controller__GB0, 
case__74: tetris_controller__GB0, 
case__137: tetris__GC0, 
datapath__22: tetris__GC0, 
logic__640: tetris__GC0, 
logic__233: tetris_controller__GB0, 
rotation_translation: tetris_controller__GB0, 
logic__383: tetris_controller__GB0, 
datapath__38: tetris_controller__GB0, 
logic__299: tetris_controller__GB0, 
case__8: tetris__GC0, 
datapath__45: tetris_controller__GB0, 
reg__21: tetris_controller__GB0, 
logic__458: tetris_controller__GB0, 
dsp48e1__21: tetris_controller__GB0, 
dsp48e1__9: tetris__GC0, 
logic__156: tetris__GC0, 
logic__547: tetris__GC0, 
case__16: tetris__GC0, 
logic__109: tetris__GC0, 
datapath__10: tetris__GC0, 
logic__411: tetris_controller__GB0, 
case__32: tetris_controller__GB0, 
logic__230: tetris_controller__GB0, 
case__80: tetris_controller__GB0, 
logic__554: tetris__GC0, 
muxpart__18: tetris_controller__GB0, 
logic__300: tetris_controller__GB0, 
datapath__23: tetris_controller__GB1, 
dsp48e1__16: tetris_controller__GB0, 
block_reader: tetris_controller__GB1, 
datapath__42: tetris_controller__GB0, 
case__38: tetris_controller__GB0, 
dsp48e1__10: tetris__GC0, 
reg__2: tetris__GC0, 
case__109: tetris_controller__GB0, 
logic__376: tetris_controller__GB0, 
case__87: tetris_controller__GB0, 
logic__626: tetris__GC0, 
logic__85: tetris__GC0, 
case__37: tetris_controller__GB0, 
logic__107: tetris__GC0, 
datapath__64: tetris_controller__GB0, 
reg__51: tetris__GC0, 
logic__388: tetris_controller__GB0, 
case__102: tetris_controller__GB0, 
reg__7: tetris_controller__GB1, 
case__86: tetris_controller__GB0, 
case__183: tetris__GC0, 
case__39: tetris_controller__GB0, 
case__171: tetris__GC0, 
muxpart__11: tetris_controller__GB1, 
datapath__61: tetris_controller__GB0, 
reg__26: tetris_controller__GB0, 
logic__322: tetris_controller__GB0, 
case__36: tetris_controller__GB0, 
case__25: tetris__GC0, 
datapath__7: tetris__GC0, 
case__71: tetris_controller__GB0, 
case__7: tetris__GC0, 
reg__41: tetris__GC0, 
case__14: tetris__GC0, 
case__115: tetris_controller__GB0, 
logic__389: tetris_controller__GB0, 
case__113: tetris_controller__GB0, 
datapath__40: tetris_controller__GB0, 
case__62: tetris_controller__GB0, 
dsp48e1__4: tetris__GC0, 
datapath__26: tetris_controller__GB1, 
datapath__33: tetris_controller__GB0, 
logic__556: tetris__GC0, 
datapath__27: tetris_controller__GB0, 
logic__338: tetris_controller__GB0, 
case__58: tetris_controller__GB0, 
muxpart__21: tetris_controller__GB0, 
datapath__5: tetris__GC0, 
case__118: tetris_controller__GB1, 
logic__235: tetris_controller__GB0, 
logic__470: tetris_controller__GB0, 
datapath__73: tetris__GC0, 
case__100: tetris_controller__GB0, 
logic__557: tetris__GC0, 
muxpart__16: tetris_controller__GB0, 
muxpart__5: tetris__GC0, 
logic__27: tetris__GC0, 
case__93: tetris_controller__GB0, 
logic__328: tetris_controller__GB0, 
reg__30: tetris__GC0, 
hold_pulses__parameterized0: tetris__GC0, 
muxpart__40: tetris__GC0, 
logic__232: tetris_controller__GB0, 
logic__271: tetris_controller__GB0, 
case__17: tetris__GC0, 
case__15: tetris__GC0, 
datapath__68: tetris_controller__GB0, 
addsub: tetris__GC0, 
case__84: tetris_controller__GB0, 
datapath__76: tetris__GC0, 
case__43: tetris_controller__GB0, 
datapath__63: tetris_controller__GB0, 
logic__171: tetris__GC0, 
muxpart__20: tetris_controller__GB0, 
reg__49: tetris__GC0, 
dsp48e1__12: tetris__GC0, 
case__22: tetris__GC0, 
datapath__8: tetris__GC0, 
logic__333: tetris_controller__GB0, 
case__112: tetris_controller__GB0, 
muxpart__23: tetris_controller__GB0, 
logic__434: tetris_controller__GB0, 
reg__52: tetris__GC0, 
case__10: tetris__GC0, 
case__5: tetris__GC0, 
reg__19: tetris_controller__GB0, 
muxpart__6: tetris__GC0, 
reg__12: tetris_controller__GB0, 
datapath__69: tetris_controller__GB0, 
case__144: tetris__GC0, 
logic__89: tetris__GC0, 
muxpart__2: tetris__GC0, 
datapath__62: tetris_controller__GB0, 
datapath__80: tetris__GC0, 
datapath__6: tetris__GC0, 
case__40: tetris_controller__GB0, 
logic__205: tetris_controller__GB0, 
logic__449: tetris_controller__GB0, 
dsp48e1__13: tetris__GC0, 
logic__25: tetris__GC0, 
logic__21: tetris__GC0, 
reg__13: tetris_controller__GB0, 
datapath__14: tetris__GC0, 
case__170: tetris__GC0, 
case__139: tetris__GC0, 
logic__183: tetris_controller__GB1, 
case__167: tetris__GC0, 
datapath__4: tetris__GC0, 
reg__55: tetris__GC0, 
case__27: tetris_controller__GB0, 
case__172: tetris__GC0, 
KeyboardDecoder: tetris__GC0, 
logic__317: tetris_controller__GB0, 
logic__224: tetris_controller__GB0, 
datapath__12: tetris__GC0, 
muxpart__1: tetris__GC0, 
logic__335: tetris_controller__GB0, 
case__92: tetris_controller__GB0, 
case__143: tetris__GC0, 
datapath__2: tetris__GC0, 
logic__395: tetris_controller__GB0, 
datapath__51: tetris_controller__GB0, 
KeyboardCtrl_0: tetris__GC0, 
case__51: tetris_controller__GB0, 
muxpart__17: tetris_controller__GB0, 
case__56: tetris_controller__GB0, 
muxpart__14: tetris_controller__GB0, 
reg__8: tetris_controller__GB1, 
case__28: tetris_controller__GB0, 
reg__3: tetris__GC0, 
datapath__70: tetris_controller__GB0, 
LFSR: tetris_controller__GB0, 
datapath__44: tetris_controller__GB0, 
counter__1: tetris__GC0, 
logic__15: tetris__GC0, 
logic__488: tetris_controller__GB0, 
datapath__31: tetris_controller__GB0, 
reg__50: tetris__GC0, 
case__116: tetris_controller__GB0, 
logic__226: tetris_controller__GB0, 
case__67: tetris_controller__GB0, 
case__59: tetris_controller__GB0, 
logic__125: tetris__GC0, 
tetris_controller__GB1: tetris_controller__GB1, 
reg__15: tetris_controller__GB0, 
datapath__58: tetris_controller__GB0, 
case__105: tetris_controller__GB0, 
vga_controller: tetris__GC0, 
logic__390: tetris_controller__GB0, 
logic__20: tetris__GC0, 
counter__2: tetris__GC0, 
case__110: tetris_controller__GB0, 
muxpart__41: tetris__GC0, 
dsp48e1__18: tetris_controller__GB0, 
logic__641: tetris__GC0, 
datapath__77: tetris__GC0, 
logic__95: tetris__GC0, 
case__96: tetris_controller__GB0, 
tetris__GC0: tetris__GC0, 
case__101: tetris_controller__GB0, 
datapath__56: tetris_controller__GB0, 
logic__635: tetris__GC0, 
logic__630: tetris__GC0, 
muxpart__52: tetris__GC0, 
logic__162: tetris__GC0, 
logic__26: tetris__GC0, 
muxpart__27: tetris__GC0, 
case__24: tetris__GC0, 
case__13: tetris__GC0, 
logic__145: tetris__GC0, 
logic__13: tetris__GC0, 
datapath__57: tetris_controller__GB0, 
reg__25: tetris_controller__GB0, 
case__157: tetris__GC0, 
clock_divider: tetris__GC0, 
logic__423: tetris_controller__GB0, 
datapath__28: tetris_controller__GB0, 
logic__227: tetris_controller__GB0, 
logic__131: tetris__GC0, 
muxpart__51: tetris__GC0, 
case__23: tetris__GC0, 
logic: tetris__GC0, 
case__6: tetris__GC0, 
case__63: tetris_controller__GB0, 
case__119: tetris_controller__GB1, 
logic__321: tetris_controller__GB0, 
seven_seg_controller: tetris__GC0, 
dsp48e1__2: tetris__GC0, 
logic__334: tetris_controller__GB0, 
datapath__65: tetris_controller__GB0, 
reg: tetris__GC0, 
logic__36: tetris__GC0, 
case__68: tetris_controller__GB0, 
speaker_control: tetris__GC0, 
super_rotating_system: tetris_controller__GB0, 
case__155: tetris__GC0, 
case__149: tetris__GC0, 
case__9: tetris__GC0, 
dsp48e1__24: tetris_controller__GB0, 
case__61: tetris_controller__GB0, 
logic__135: tetris__GC0, 
case__114: tetris_controller__GB0, 
case__30: tetris_controller__GB0, 
datapath__79: tetris__GC0, 
muxpart__26: tetris__GC0, 
case__173: tetris__GC0, 
logic__174: tetris__GC0, 
logic__378: tetris_controller__GB0, 
logic__364: tetris_controller__GB0, 
logic__153: tetris__GC0, 
case__75: tetris_controller__GB0, 
case__42: tetris_controller__GB0, 
reg__34: tetris__GC0, 
datapath__60: tetris_controller__GB0, 
case__53: tetris_controller__GB0, 
case__45: tetris_controller__GB0, 
reg__6: tetris_controller__GB0, 
logic__119: tetris__GC0, 
reg__48: tetris__GC0, 
case__177: tetris__GC0, 
case__123: tetris__GC0, 
counter__3: tetris__GC0, 
case__168: tetris__GC0, 
reg__5: tetris__GC0, tetris_controller__GB1, 
reg__16: tetris_controller__GB0, 
case__31: tetris_controller__GB0, 
case__176: tetris__GC0, 
case__41: tetris_controller__GB0, 
case__89: tetris_controller__GB0, 
case__85: tetris_controller__GB0, 
muxpart__61: tetris__GC0, 
reg__46: tetris__GC0, 
case__147: tetris__GC0, 
logic__524: tetris_controller__GB0, 
logic__438: tetris_controller__GB0, 
reg__1: tetris__GC0, 
case__57: tetris_controller__GB0, 
logic__342: tetris_controller__GB0, 
logic__371: tetris_controller__GB0, 
logic__461: tetris_controller__GB0, 
reg__40: tetris__GC0, 
logic__102: tetris__GC0, 
muxpart__58: tetris__GC0, 
logic__22: tetris__GC0, 
reg__27: tetris_controller__GB0, 
logic__385: tetris_controller__GB0, 
logic__225: tetris_controller__GB0, 
logic__318: tetris_controller__GB0, 
case__97: tetris_controller__GB0, 
case__70: tetris_controller__GB0, 
logic__323: tetris_controller__GB0, 
case__103: tetris_controller__GB0, 
logic__509: tetris_controller__GB0, 
muxpart__7: tetris__GC0, 
logic__14: tetris__GC0, 
blk_mem_gen_0: tetris_controller__GB0, 
muxpart__63: tetris__GC0, 
logic__552: tetris__GC0, 
datapath__78: tetris__GC0, 
dsp48e1__1: tetris__GC0, 
datapath__66: tetris_controller__GB0, 
case__91: tetris_controller__GB0, 
muxpart__49: tetris__GC0, 
reg__36: tetris__GC0, 
case__21: tetris__GC0, 
case__180: tetris__GC0, 
logic__118: tetris__GC0, 
datapath__20: tetris__GC0, 
muxpart__3: tetris__GC0, 
logic__301: tetris_controller__GB0, 
logic__441: tetris_controller__GB0, 
logic__558: tetris__GC0, 
reg__35: tetris__GC0, 
logic__105: tetris__GC0, 
case__4: tetris__GC0, 
logic__324: tetris_controller__GB0, 
muxpart__43: tetris__GC0, 
logic__175: tetris__GC0, tetris_controller__GB1, 
logic__424: tetris_controller__GB0, 
case__66: tetris_controller__GB0, 
reg__23: tetris_controller__GB0, 
case__160: tetris__GC0, 
case__156: tetris__GC0, 
whole_line: tetris_controller__GB0, 
case__185: tetris__GC0, 
reg__56: tetris__GC0, 
logic__329: tetris_controller__GB0, 
logic__493: tetris_controller__GB0, 
logic__637: tetris__GC0, 
datapath__17: tetris__GC0, 
case__18: tetris__GC0, 
case__47: tetris_controller__GB0, 
case__20: tetris__GC0, 
datapath__71: tetris_controller__GB0, 
logic__331: tetris_controller__GB0, 
logic__325: tetris_controller__GB0, 
case__48: tetris_controller__GB0, 
logic__523: tetris_controller__GB0, 
reg__4: tetris__GC0, tetris_controller__GB1, 
case__99: tetris_controller__GB0, 
signinv: tetris__GC0, 
logic__645: tetris__GC0, 
case__52: tetris_controller__GB0, 
case__3: tetris__GC0, 
logic__454: tetris_controller__GB0, 
datapath__74: tetris__GC0, 
muxpart__9: tetris__GC0, 
logic__549: tetris__GC0, 
dsp48e1__20: tetris_controller__GB0, 
case__44: tetris_controller__GB0, 
muxpart__15: tetris_controller__GB0, 
logic__340: tetris_controller__GB0, 
case__184: tetris__GC0, 
datapath__75: tetris__GC0, 
datapath__25: tetris_controller__GB1, 
logic__270: tetris_controller__GB0, 
logic__207: tetris_controller__GB0, 
logic__209: tetris_controller__GB0, 
muxpart__60: tetris__GC0, 
case__95: tetris_controller__GB0, 
datapath__48: tetris_controller__GB0, 
case__182: tetris__GC0, 
logic__206: tetris_controller__GB0, 
datapath__36: tetris_controller__GB0, 
reg__47: tetris__GC0, 
case__142: tetris__GC0, 
muxpart__25: tetris__GC0, 
logic__213: tetris_controller__GB0, 
