reg__68: reg__5
case__12: case__12
case__68: case__68
reg__36: reg__36
logic__408: logic__408
case__53: case__53
dsp48e1__36: dsp48e1__15
datapath__205: datapath__37
reg__8: reg__8
case__27: case__27
case__215: case__35
case__69: case__69
case__184: case__184
case__114: case__114
datapath__109: datapath__45
logic__174: logic__174
reg__24: reg__24
case__147: case__147
case__119: case__119
case: case
case__92: case__92
logic__284: logic__284
dsp48e1__15: dsp48e1__15
hold_pulses: hold_pulses
datapath: datapath
reg__51: reg__51
logic__224: logic__224
logic__448: logic__448
logic__219: logic__219
case__218: case__32
case__13: case__13
logic__19: logic__19
case__247: case__37
datapath__200: datapath__42
case__220: case__30
datapath__152: datapath__46
case__277: case__41
logic__204: logic__204
logic__609: logic__609
logic__737: logic__227
datapath__204: datapath__38
dsp48e1__48: dsp48e1__15
case__59: case__59
logic__125: logic__125
reg__5: reg__5
logic__371: logic__371
case__208: case__42
datapath__167: datapath__31
case__11: case__11
case__89: case__89
case__63: case__63
logic__747: logic__208
case__278: case__40
logic__702: logic__270
datapath__90: datapath__42
dsp48e1__29: dsp48e1__18
datapath__171: datapath__27
logic__792: logic__219
case__103: case__103
case__255: case__46
muxpart__64: muxpart__12
datapath__122: datapath__32
reg__33: reg__33
logic__807: logic__175
case__174: case__174
case__112: case__112
logic__649: logic__649
reg__29: reg__29
case__66: case__66
reg__12: reg__12
case__223: case__44
datapath__16: datapath__16
logic__689: logic__225
datapath__172: datapath__48
logic__395: logic__395
case__82: case__82
logic__269: logic__269
logic__705: logic__234
logic__672: logic__208
datapath__116: datapath__38
datapath__51: datapath__51
reg__49: reg__49
case__101: case__101
case__233: case__34
datapath__168: datapath__30
logic__724: logic__206
logic__509: logic__509
logic__722: logic__208
case__266: case__35
case__274: case__44
reg__2: reg__2
dsp48e1__31: dsp48e1__16
logic__760: logic__229
case__228: case__39
logic__645: logic__645
reg__19: reg__19
reg__53: reg__53
datapath__24: datapath__24
muxpart__18: muxpart__18
logic__752: logic__270
reg__10: reg__10
datapath__74: datapath__74
datapath__181: datapath__39
case__244: case__40
logic__691: logic__223
case__141: case__141
logic__660: logic__229
reg__50: reg__50
logic__787: logic__227
logic__738: logic__226
logic__556: logic__556
logic__789: logic__225
datapath__60: datapath__60
logic__36: logic__36
datapath__71: datapath__71
logic__493: logic__493
case__42: case__42
logic__26: logic__26
logic__630: logic__630
reg__62: reg__5
dsp48e1__27: dsp48e1__16
case__157: case__157
logic__131: logic__131
dsp48e1__22: dsp48e1__22
logic__172: logic__172
case__81: case__81
case__72: case__72
logic__25: logic__25
case__116: case__116
logic__731: logic__233
datapath__202: datapath__40
reg__28: reg__28
datapath__153: datapath__45
datapath__25: datapath__25
counter__3: counter__3
case__242: case__42
logic__333: logic__333
datapath__185: datapath__35
datapath__136: datapath__40
case__155: case__155
case__214: case__36
logic__739: logic__225
logic__772: logic__208
logic__681: logic__233
music: music
dsp48e1__14: dsp48e1__14
tetris__GC0: tetris__GC0
case__227: case__40
datapath__176: datapath__44
case__85: case__85
muxpart__61: muxpart__61
reg__73: reg__37
logic__309: logic__309
case__19: case__19
logic__675: logic__205
case__191: case__42
datapath__144: datapath__32
muxpart__7: muxpart__7
logic__690: logic__224
logic__750: logic__205
case__117: case__117
datapath__118: datapath__36
case__168: case__168
case__187: case__46
logic__21: logic__21
logic__16: logic__16
dsp48e1__35: dsp48e1__16
hold_pulses__parameterized0: hold_pulses__parameterized0
KeyboardDecoder: KeyboardDecoder
logic__726: logic__204
datapath__49: datapath__49
logic__810: logic__609
case__198: case__35
logic__653: logic__269
logic__656: logic__233
dsp48e1__18: dsp48e1__18
logic__662: logic__227
case__33: case__33
case__225: case__42
logic__764: logic__225
reg__37: reg__37
logic__213: logic__213
datapath__180: datapath__40
case__291: case__27
case__251: case__33
case__106: case__106
logic__699: logic__206
datapath__37: datapath__37
logic__20: logic__20
datapath__70: datapath__70
case__113: case__113
case__281: case__37
logic__234: logic__234
logic__667: logic__219
muxpart__40: muxpart__40
datapath__5: datapath__5
logic__721: logic__209
datapath__43: datapath__43
muxpart__10: muxpart__10
logic__376: logic__376
logic__794: logic__214
datapath__7: datapath__7
onepulse__4: onepulse
case__292: case__159
case__235: case__32
case__10: case__10
case__139: case__139
datapath__170: datapath__28
case__5: case__5
case__57: case__57
logic__774: logic__206
muxpart__6: muxpart__6
dsp48e1__32: dsp48e1__15
logic__318: logic__318
logic__105: logic__105
case__156: case__156
reg__64: reg__5
reg__17: reg__17
case__290: case__28
muxpart__4: muxpart__4
logic__678: logic__269
logic__124: logic__124
logic__380: logic__380
datapath__82: datapath__82
case__104: case__104
logic__786: logic__228
case__271: case__30
logic__183: logic__183
logic__674: logic__206
muxpart__51: muxpart__51
logic__102: logic__102
datapath__4: datapath__4
datapath__140: datapath__36
case__34: case__34
logic__523: logic__523
datapath__101: datapath__31
case__67: case__67
logic__229: logic__229
muxpart__16: muxpart__16
datapath__158: datapath__40
logic__449: logic__449
datapath__120: datapath__34
datapath__8: datapath__8
case__52: case__52
case__160: case__160
muxpart__41: muxpart__41
onepulse__3: onepulse
dsp48e1__13: dsp48e1__13
datapath__145: datapath__31
datapath__106: datapath__48
muxpart__12: muxpart__12
logic__640: logic__640
reg__69: reg__4
case__293: case__158
logic__464: logic__464
logic__708: logic__231
logic__228: logic__228
datapath__175: datapath__45
pixel_gen: pixel_gen
logic__514: logic__514
case__253: case__31
tetris_controller__GB0: tetris_controller__GB0
datapath__81: datapath__81
logic__379: logic__379
logic__146: logic__146
datapath__107: datapath__47
hold_pulses__1: hold_pulses
logic__805: logic__175
logic__695: logic__213
case__250: case__34
block_reader: block_reader
logic__118: logic__118
logic__88: logic__88
logic__324: logic__324
case__219: case__31
datapath__210: datapath__32
case__93: case__93
case__43: case__43
case__55: case__55
rotation_translation__1: rotation_translation
datapath__57: datapath__57
logic__230: logic__230
reg: reg
case__88: case__88
counter__4: counter__4
case__161: case__161
logic: logic
datapath__183: datapath__37
datapath__72: datapath__72
case__238: case__46
logic__773: logic__207
note_gen: note_gen
case__283: case__35
datapath__189: datapath__31
logic__321: logic__321
logic__652: logic__270
case__149: case__149
reg__1: reg__1
case__234: case__33
reg__54: reg__54
case__95: case__95
logic__334: logic__334
logic__13: logic__13
case__257: case__44
datapath__29: datapath__29
case__3: case__3
datapath__91: datapath__41
muxpart__14: muxpart__14
case__199: case__34
logic__638: logic__638
logic__364: logic__364
case__287: case__31
logic__628: logic__628
case__297: case__149
case__230: case__37
logic__549: logic__549
datapath__56: datapath__56
datapath__130: datapath__46
logic__423: logic__423
case__286: case__32
logic__411: logic__411
case__120: case__120
speaker_control: speaker_control
logic__107: logic__107
collision_check__6: collision_check
muxpart__13: muxpart__13
case__22: case__22
muxpart__11: muxpart__11
logic__162: logic__162
case__200: case__33
logic__676: logic__204
datapath__30: datapath__30
logic__801: logic__204
datapath__173: datapath__47
reg__20: reg__20
case__60: case__60
logic__733: logic__231
logic__153: logic__153
logic__299: logic__299
datapath__18: datapath__18
logic__434: logic__434
dsp48e1__40: dsp48e1__15
logic__340: logic__340
collision_check__2: collision_check
reg__55: reg__55
case__159: case__159
counter__1: counter__1
logic__305: logic__305
case__23: case__23
logic__795: logic__213
case__201: case__32
datapath__124: datapath__30
datapath__39: datapath__39
case__262: case__39
case__276: case__42
datapath__48: datapath__48
case__217: case__33
logic__178: logic__178
case__209: case__41
seven_seg_controller: seven_seg_controller
case__269: case__32
logic__524: logic__524
case__44: case__44
datapath__53: datapath__53
logic__385: logic__385
logic__337: logic__337
logic__588: logic__588
dsp48e1__8: dsp48e1__8
dsp48e1__41: dsp48e1__18
datapath__207: datapath__35
muxpart__43: muxpart__43
datapath__46: datapath__46
logic__554: logic__554
dsp48e1__34: dsp48e1__17
case__258: case__43
case__37: case__37
datapath__164: datapath__34
logic__31: logic__31
datapath__199: datapath__43
datapath__157: datapath__41
music_example: music_example
datapath__201: datapath__41
reg__40: reg__40
logic__808: logic__175
case__109: case__109
dsp48e1__38: dsp48e1__17
logic__388: logic__388
onepulse__1: onepulse
datapath__61: datapath__61
muxpart__28: muxpart__28
case__263: case__38
logic__734: logic__230
logic__383: logic__383
logic__467: logic__467
datapath__208: datapath__34
logic__296: logic__296
datapath__193: datapath__27
case__140: case__140
case__252: case__32
case__170: case__170
logic__89: logic__89
case__267: case__34
pla: pla
case__239: case__45
reg__45: reg__45
case__298: case__148
muxpart__58: muxpart__58
reg__61: reg__4
case__237: case__30
case__51: case__51
case__196: case__37
logic__780: logic__234
logic__389: logic__389
logic__109: logic__109
datapath__179: datapath__41
logic__749: logic__206
logic__735: logic__229
datapath__98: datapath__34
logic__711: logic__228
case__178: case__178
case__77: case__77
case__118: case__118
datapath__50: datapath__50
case__232: case__35
datapath__83: datapath__83
muxpart__19: muxpart__19
case__38: case__38
logic__742: logic__219
case__64: case__64
logic__394: logic__394
datapath__126: datapath__28
muxpart__42: muxpart__42
logic__673: logic__207
case__204: case__46
datapath__87: datapath__45
logic__679: logic__235
case__226: case__41
case__99: case__99
logic__322: logic__322
logic__145: logic__145
logic__317: logic__317
case__1: case__1
case__259: case__42
datapath__77: datapath__77
logic__454: logic__454
logic__271: logic__271
datapath__68: datapath__68
logic__632: logic__632
case__136: case__136
pla__1: pla
logic__713: logic__226
dsp48e1__23: dsp48e1__23
logic__666: logic__223
datapath__128: datapath__48
logic__233: logic__233
datapath__79: datapath__79
logic__458: logic__458
logic__235: logic__235
datapath__34: datapath__34
case__137: case__137
case__273: case__45
tetris_controller__GB1: tetris_controller__GB1
dsp48e1__19: dsp48e1__19
case__50: case__50
case__202: case__31
logic__384: logic__384
logic__665: logic__224
datapath__69: datapath__69
datapath__119: datapath__35
datapath__89: datapath__43
case__87: case__87
case__135: case__135
case__20: case__20
datapath__194: datapath__48
datapath__191: datapath__29
dsp48e1__28: dsp48e1__15
datapath__42: datapath__42
datapath__138: datapath__38
logic__535: logic__535
logic__639: logic__639
case__48: case__48
case__194: case__39
dsp48e1__46: dsp48e1__17
muxpart__52: muxpart__52
logic__85: logic__85
case__138: case__138
datapath__162: datapath__36
datapath__132: datapath__44
datapath__85: datapath__47
case__58: case__58
logic__697: logic__208
case__14: case__14
logic__771: logic__209
case__207: case__43
case__86: case__86
case__183: case__183
logic__470: logic__470
case__31: case__31
datapath__213: datapath__29
datapath__131: datapath__45
datapath__12: datapath__12
datapath__165: datapath__33
reg__70: reg__5
reg__27: reg__27
logic__539: logic__539
logic__300: logic__300
logic__15: logic__15
datapath__55: datapath__55
datapath__35: datapath__35
datapath__9: datapath__9
case__71: case__71
logic__227: logic__227
logic__798: logic__207
datapath__26: datapath__26
logic__175: logic__175
logic__631: logic__631
blk_mem_gen_0: blk_mem_gen_0
case__229: case__38
logic__700: logic__205
datapath__84: datapath__48
onepulse__6: onepulse
reg__58: reg__5
logic__557: logic__557
case__84: case__84
case__289: case__29
case__180: case__180
case__110: case__110
datapath__186: datapath__34
datapath__137: datapath__39
datapath__182: datapath__38
logic__743: logic__218
datapath__111: datapath__43
datapath__32: datapath__32
logic__327: logic__327
reg__60: reg__5
logic__99: logic__99
muxpart__26: muxpart__26
reg__26: reg__26
muxpart__27: muxpart__27
case__46: case__46
onepulse__7: onepulse
datapath__65: datapath__65
datapath__163: datapath__35
logic__751: logic__204
datapath__28: datapath__28
dsp48e1__16: dsp48e1__16
logic__637: logic__637
reg__35: reg__35
muxpart__3: muxpart__3
case__105: case__105
datapath__78: datapath__78
datapath__103: datapath__29
logic__536: logic__536
logic__664: logic__225
datapath__97: datapath__35
datapath__108: datapath__46
case__171: case__171
logic__328: logic__328
case__32: case__32
case__222: case__45
logic__655: logic__234
case__172: case__172
case__8: case__8
datapath__86: datapath__46
case__264: case__37
reg__52: reg__52
datapath__214: datapath__28
datapath__127: datapath__27
logic__703: logic__269
datapath__63: datapath__63
logic__447: logic__447
logic__754: logic__235
logic__693: logic__218
reg__14: reg__14
case__62: case__62
reg__72: reg__40
reg__6: reg__6
datapath__174: datapath__46
logic__694: logic__214
counter__2: counter__2
muxpart__62: muxpart__62
case__296: case__155
dsp48e1__33: dsp48e1__18
logic__768: logic__218
logic__201: logic__201
logic__130: logic__130
datapath__104: datapath__28
muxpart__66: muxpart__42
logic__793: logic__218
logic__135: logic__135
logic__736: logic__228
datapath__123: datapath__31
dsp48e1__1: dsp48e1__1
logic__552: logic__552
case__24: case__24
case__4: case__4
case__295: case__156
dsp48e1__7: dsp48e1__7
logic__331: logic__331
logic__336: logic__336
case__193: case__40
datapath__215: datapath__27
case__203: case__30
datapath__41: datapath__41
datapath__66: datapath__66
case__173: case__173
logic__171: logic__171
case__216: case__34
logic__715: logic__224
logic__683: logic__231
muxpart__23: muxpart__23
case__98: case__98
datapath__147: datapath__29
case__158: case__158
datapath__125: datapath__29
logic__746: logic__209
signinv: signinv
datapath__80: datapath__80
datapath__156: datapath__42
muxpart__59: muxpart__59
logic__784: logic__230
logic__641: logic__641
reg__66: reg__5
logic__378: logic__378
datapath__76: datapath__76
muxpart__49: muxpart__49
logic__669: logic__214
reg__9: reg__9
case__265: case__36
datapath__139: datapath__37
logic__753: logic__269
case__91: case__91
dsp48e1__37: dsp48e1__18
logic__762: logic__227
datapath__94: datapath__38
logic__730: logic__234
logic__759: logic__230
case__49: case__49
datapath__211: datapath__31
reg__22: reg__22
logic__390: logic__390
datapath__159: datapath__39
logic__214: logic__214
logic__654: logic__235
case__28: case__28
datapath__148: datapath__28
logic__9: logic__9
logic__657: logic__232
logic__783: logic__231
logic__225: logic__225
case__47: case__47
dsp48e1__20: dsp48e1__20
case__56: case__56
case__70: case__70
datapath__203: datapath__39
logic__800: logic__205
datapath__59: datapath__59
case__39: case__39
datapath__93: datapath__39
logic__192: logic__192
dsp48e1__25: dsp48e1__18
datapath__155: datapath__43
logic__720: logic__213
datapath__13: datapath__13
case__285: case__33
onepulse__2: onepulse
logic__704: logic__235
logic__329: logic__329
reg__57: reg__57
case__7: case__7
dsp48e1__17: dsp48e1__17
logic__779: logic__235
logic__796: logic__209
logic__782: logic__232
datapath__151: datapath__47
case__30: case__30
reg__25: reg__25
datapath__88: datapath__44
logic__635: logic__635
reg__4: reg__4
logic__686: logic__228
case__18: case__18
logic__407: logic__407
logic__208: logic__208
case__146: case__146
logic__727: logic__270
logic__799: logic__206
datapath__10: datapath__10
logic__22: logic__22
case__65: case__65
datapath__64: datapath__64
datapath__22: datapath__22
case__75: case__75
dsp48e1__43: dsp48e1__16
datapath__129: datapath__47
logic__671: logic__209
reg__34: reg__34
case__80: case__80
logic__769: logic__214
case__197: case__36
logic__206: logic__206
logic__87: logic__87
logic__424: logic__424
case__111: case__111
datapath__135: datapath__41
datapath__142: datapath__34
case__61: case__61
case__279: case__39
reg__67: reg__4
case__179: case__179
datapath__96: datapath__36
case__21: case__21
dsp48e1: dsp48e1
debounce: debounce
logic__741: logic__223
rotation_translation: rotation_translation
case__122: case__122
dsp48e1__24: dsp48e1__24
logic__706: logic__233
datapath__73: datapath__73
case__148: case__148
datapath__54: datapath__54
datapath__17: datapath__17
logic__716: logic__223
dsp48e1__4: dsp48e1__4
muxpart__17: muxpart__17
case__205: case__45
case__6: case__6
case__107: case__107
logic__732: logic__232
muxpart__22: muxpart__22
logic__778: logic__269
case__100: case__100
logic__205: logic__205
logic__725: logic__205
case__268: case__33
logic__684: logic__230
logic__558: logic__558
dsp48e1__44: dsp48e1__15
reg__30: reg__30
datapath__75: datapath__75
vga_top: vga_top
case__189: case__44
onepulse: onepulse
dsp48e1__3: dsp48e1__3
datapath__166: datapath__32
logic__767: logic__219
muxpart: muxpart
datapath__117: datapath__37
case__272: case__46
logic__744: logic__214
case__177: case__177
case__275: case__43
datapath__19: datapath__19
dsp48e1__39: dsp48e1__16
datapath__209: datapath__33
datapath__95: datapath__37
datapath__192: datapath__28
datapath__112: datapath__42
logic__173: logic__173
logic__301: logic__301
case__9: case__9
logic__804: logic__175
muxpart__20: muxpart__20
logic__709: logic__230
case__294: case__157
case__243: case__41
logic__781: logic__233
logic__95: logic__95
case__121: case__121
muxpart__50: muxpart__50
datapath__196: datapath__46
datapath__36: datapath__36
whole_line: whole_line
case__256: case__45
muxpart__60: muxpart__60
dsp48e1__5: dsp48e1__5
case__260: case__41
case__206: case__44
datapath__197: datapath__45
datapath__23: datapath__23
muxpart__67: muxpart__41
logic__110: logic__110
counter: counter
logic__761: logic__228
case__142: case__142
logic__788: logic__226
logic__717: logic__219
KeyboardCtrl_0: KeyboardCtrl_0
reg__11: reg__11
datapath__99: datapath__33
case__96: case__96
dsp48e1__42: dsp48e1__17
logic__166: logic__166
logic__698: logic__207
case__192: case__41
dsp48e1__11: dsp48e1__11
datapath__133: datapath__43
muxpart__21: muxpart__21
datapath__31: datapath__31
muxpart__65: muxpart__43
case__282: case__36
datapath__154: datapath__44
datapath__190: datapath__30
datapath__33: datapath__33
collision_check__4: collision_check
case__26: case__26
logic__685: logic__229
case__210: case__40
muxpart__1: muxpart__1
case__73: case__73
logic__659: logic__230
logic__644: logic__644
datapath__100: datapath__32
case__188: case__45
datapath__134: datapath__42
case__211: case__39
logic__756: logic__233
case__169: case__169
dsp48e1__10: dsp48e1__10
logic__218: logic__218
case__236: case__31
case__248: case__36
logic__680: logic__234
case__108: case__108
datapath__146: datapath__30
logic__776: logic__204
datapath__15: datapath__15
logic__777: logic__270
case__29: case__29
dsp48e1__6: dsp48e1__6
case__190: case__43
rom: rom
logic__338: logic__338
logic__687: logic__227
case__83: case__83
logic__802: logic__201
logic__5: logic__5
logic__803: logic__175
datapath__195: datapath__47
muxpart__25: muxpart__25
logic__758: logic__231
logic__156: logic__156
logic__775: logic__205
collision_check: collision_check
logic__339: logic__339
datapath__52: datapath__52
reg__71: reg__4
case__15: case__15
datapath__3: datapath__3
logic__431: logic__431
logic__790: logic__224
datapath__141: datapath__35
logic__677: logic__270
datapath__150: datapath__48
logic__663: logic__226
logic__444: logic__444
datapath__184: datapath__36
dsp48e1__45: dsp48e1__18
datapath__161: datapath__37
case__240: case__44
case__288: case__30
reg__23: reg__23
logic__696: logic__209
dsp48e1__21: dsp48e1__21
datapath__187: datapath__33
logic__765: logic__224
logic__728: logic__269
reg__48: reg__48
logic__551: logic__551
case__54: case__54
logic__766: logic__223
reg__13: reg__13
dsp48e1__9: dsp48e1__9
collision_check__1: collision_check
datapath__212: datapath__30
datapath__45: datapath__45
logic__323: logic__323
logic__710: logic__229
case__185: case__185
datapath__6: datapath__6
case__254: case__30
case__284: case__34
datapath__44: datapath__44
datapath__178: datapath__42
datapath__67: datapath__67
datapath__206: datapath__36
datapath__188: datapath__32
logic__701: logic__204
muxpart__9: muxpart__9
logic__302: logic__302
dsp48e1__30: dsp48e1__17
case__195: case__38
datapath__216: datapath__73
logic__707: logic__232
keypress_controller: keypress_controller
datapath__177: datapath__43
datapath__47: datapath__47
datapath__160: datapath__38
muxpart__2: muxpart__2
logic__461: logic__461
logic__330: logic__330
logic__718: logic__218
logic__797: logic__208
logic__745: logic__213
datapath__21: datapath__21
logic__187: logic__187
collision_check__5: collision_check
case__115: case__115
case__280: case__38
addsub: addsub
logic__668: logic__218
case__182: case__182
reg__18: reg__18
logic__658: logic__231
logic__626: logic__626
datapath__114: datapath__40
logic__325: logic__325
LFSR: LFSR
case__102: case__102
datapath__40: datapath__40
case__213: case__37
logic__636: logic__636
datapath__38: datapath__38
case__97: case__97
super_rotating_system: super_rotating_system
logic__438: logic__438
case__78: case__78
logic__223: logic__223
reg__7: reg__7
logic__714: logic__225
datapath__1: datapath__1
logic__712: logic__227
muxpart__68: muxpart__40
logic__719: logic__214
datapath__2: datapath__2
muxpart__63: muxpart__63
datapath__14: datapath__14
logic__182: logic__182
logic__692: logic__219
clock_divider: clock_divider
logic__791: logic__223
case__2: case__2
logic__231: logic__231
case__241: case__43
reg__46: reg__46
case__16: case__16
dsp48e1__47: dsp48e1__16
case__231: case__36
logic__682: logic__232
datapath__110: datapath__44
datapath__92: datapath__40
case__17: case__17
logic__757: logic__232
case__36: case__36
reg__63: reg__4
case__167: case__167
case__123: case__123
logic__108: logic__108
datapath__121: datapath__33
case__212: case__38
reg__16: reg__16
case__79: case__79
case__35: case__35
onepulse__5: onepulse
case__144: case__144
muxpart__24: muxpart__24
logic__729: logic__235
logic__335: logic__335
datapath__149: datapath__27
logic__14: logic__14
case__76: case__76
datapath__105: datapath__27
dsp48e1__26: dsp48e1__17
logic__723: logic__207
logic__770: logic__213
logic__119: logic__119
logic__441: logic__441
datapath__62: datapath__62
reg__47: reg__47
case__40: case__40
logic__670: logic__213
reg__44: reg__44
case__143: case__143
collision_check__3: collision_check
muxpart__5: muxpart__5
datapath__169: datapath__29
logic__806: logic__175
case__224: case__43
muxpart__8: muxpart__8
datapath__143: datapath__33
muxpart__15: muxpart__15
reg__59: reg__4
logic__270: logic__270
case__45: case__45
logic__748: logic__207
logic__332: logic__332
logic__377: logic__377
logic__209: logic__209
logic__785: logic__229
case__145: case__145
datapath__113: datapath__41
case__245: case__39
datapath__115: datapath__39
datapath__198: datapath__44
logic__326: logic__326
case__41: case__41
case__249: case__35
logic__755: logic__234
case__74: case__74
case__181: case__181
logic__342: logic__342
logic__232: logic__232
datapath__58: datapath__58
logic__226: logic__226
reg__3: reg__3
reg__65: reg__4
dsp48e1__12: dsp48e1__12
logic__661: logic__228
logic__763: logic__226
reg__56: reg__56
case__176: case__176
case__270: case__31
reg__41: reg__41
datapath__27: datapath__27
logic__740: logic__224
logic__688: logic__226
datapath__102: datapath__30
datapath__20: datapath__20
dsp48e1__2: dsp48e1__2
reg__15: reg__15
case__221: case__46
case__246: case__38
player_control: player_control
logic__547: logic__547
case__25: case__25
case__261: case__40
vga_controller: vga_controller
datapath__11: datapath__11
reg__21: reg__21
logic__809: logic__175
logic__27: logic__27
logic__4: logic__4
logic__488: logic__488
logic__207: logic__207
